========================================================================================================================
LEXICAL ANALYSIS                                  
========================================================================================================================
SINGLE LINE COMMENT
SINGLE LINE COMMENT
SINGLE LINE COMMENT
SINGLE LINE COMMENT
SINGLE LINE COMMENT
TOKEN: INT
TOKEN: IDENTIFIER
TOKEN: PUNCTUATOR: (
TOKEN: INT
TOKEN: IDENTIFIER
TOKEN: PUNCTUATOR: )
TOKEN: PUNCTUATOR: ;
TOKEN: INT
TOKEN: IDENTIFIER
TOKEN: PUNCTUATOR: (
TOKEN: CHAR
TOKEN: PUNCTUATOR: *
TOKEN: IDENTIFIER
TOKEN: PUNCTUATOR: )
TOKEN: PUNCTUATOR: ;
TOKEN: INT
TOKEN: IDENTIFIER
TOKEN: PUNCTUATOR: (
TOKEN: INT
TOKEN: PUNCTUATOR: *
TOKEN: IDENTIFIER
TOKEN: PUNCTUATOR: )
TOKEN: PUNCTUATOR: ;
TOKEN: INT
TOKEN: IDENTIFIER
TOKEN: PUNCTUATOR: ;
TOKEN: INT
TOKEN: IDENTIFIER
TOKEN: PUNCTUATOR: ;
TOKEN: INT
TOKEN: IDENTIFIER
TOKEN: PUNCTUATOR: (
TOKEN: PUNCTUATOR: )
TOKEN: PUNCTUATOR: {
TOKEN: INT
TOKEN: IDENTIFIER
TOKEN: PUNCTUATOR: ;
TOKEN: IDENTIFIER
TOKEN: EQUAL
TOKEN: INTEGER_CONSTANT
TOKEN: PUNCTUATOR: ;
TOKEN: IDENTIFIER
TOKEN: EQUAL
TOKEN: INTEGER_CONSTANT
TOKEN: PUNCTUATOR: ;
TOKEN: IDENTIFIER
TOKEN: EQUAL
TOKEN: IDENTIFIER
TOKEN: PUNCTUATOR: +
TOKEN: IDENTIFIER
TOKEN: PUNCTUATOR: ;
TOKEN: IDENTIFIER
TOKEN: PUNCTUATOR: (
TOKEN: STRING_LITERAL
TOKEN: PUNCTUATOR: )
TOKEN: PUNCTUATOR: ;
TOKEN: IDENTIFIER
TOKEN: PUNCTUATOR: (
TOKEN: IDENTIFIER
TOKEN: PUNCTUATOR: )
TOKEN: PUNCTUATOR: ;
TOKEN: IDENTIFIER
TOKEN: PUNCTUATOR: (
TOKEN: STRING_LITERAL
TOKEN: PUNCTUATOR: )
TOKEN: PUNCTUATOR: ;
TOKEN: IDENTIFIER
TOKEN: PUNCTUATOR: (
TOKEN: IDENTIFIER
TOKEN: PUNCTUATOR: )
TOKEN: PUNCTUATOR: ;
TOKEN: IDENTIFIER
TOKEN: PUNCTUATOR: (
TOKEN: STRING_LITERAL
TOKEN: PUNCTUATOR: )
TOKEN: PUNCTUATOR: ;
TOKEN: IDENTIFIER
TOKEN: PUNCTUATOR: (
TOKEN: IDENTIFIER
TOKEN: PUNCTUATOR: )
TOKEN: PUNCTUATOR: ;
TOKEN: RETURN
TOKEN: INTEGER_CONSTANT
TOKEN: PUNCTUATOR: ;
TOKEN: PUNCTUATOR: }
========================================================================================================================
PARSING SUCCESSFUL                                
========================================================================================================================
Symbol Table: Global                                                             Parent: null
------------------------------------------------------------------------------------------------------------------------
Name           Type                     Category       Initial Value                 Size        Offset      Nested Table
------------------------------------------------------------------------------------------------------------------------
printInt       integer                  function                                     4           0           printInt
printStr       integer                  function                                     4           4           printStr
readInt        integer                  function                                     4           8           readInt
a              integer                  local                                        4           12          null
b              integer                  local                                        4           16          null
main           integer                  function                                     4           20          main
------------------------------------------------------------------------------------------------------------------------

========================================================================================================================
Symbol Table: printInt                                                           Parent: Global
------------------------------------------------------------------------------------------------------------------------
Name           Type                     Category       Initial Value                 Size        Offset      Nested Table
------------------------------------------------------------------------------------------------------------------------
num            integer                  param                                        4           0           null
return         integer                  local                                        4           4           null
------------------------------------------------------------------------------------------------------------------------

========================================================================================================================
Symbol Table: printStr                                                           Parent: Global
------------------------------------------------------------------------------------------------------------------------
Name           Type                     Category       Initial Value                 Size        Offset      Nested Table
------------------------------------------------------------------------------------------------------------------------
str            ptr(char)                param                                        4           0           null
return         integer                  local                                        4           4           null
------------------------------------------------------------------------------------------------------------------------

========================================================================================================================
Symbol Table: readInt                                                            Parent: Global
------------------------------------------------------------------------------------------------------------------------
Name           Type                     Category       Initial Value                 Size        Offset      Nested Table
------------------------------------------------------------------------------------------------------------------------
num            ptr(integer)             param                                        4           0           null
return         integer                  local                                        4           4           null
------------------------------------------------------------------------------------------------------------------------

========================================================================================================================
Symbol Table: main                                                               Parent: Global
------------------------------------------------------------------------------------------------------------------------
Name           Type                     Category       Initial Value                 Size        Offset      Nested Table
------------------------------------------------------------------------------------------------------------------------
return         integer                  local                                        4           0           null
sum            integer                  local                                        4           4           null
a              integer                  local                                        4           8           null
t00            integer                  temp           5                             4           12          null
t01            integer                  temp                                         4           16          null
b              integer                  local                                        4           20          null
t02            integer                  temp           10                            4           24          null
t03            integer                  temp                                         4           28          null
t04            integer                  temp                                         4           32          null
t05            integer                  temp                                         4           36          null
printStr       integer                  local                                        4           40          null
t06            ptr(char)                temp           "The Sum of a = "             4           44          null
t07            integer                  temp                                         4           48          null
printInt       integer                  local                                        4           52          null
t08            integer                  temp                                         4           56          null
t09            ptr(char)                temp           "and b = "                    4           60          null
t10            integer                  temp                                         4           64          null
t11            integer                  temp                                         4           68          null
t12            ptr(char)                temp           "is equal to: "               4           72          null
t13            integer                  temp                                         4           76          null
t14            integer                  temp                                         4           80          null
t15            integer                  temp           0                             4           84          null
------------------------------------------------------------------------------------------------------------------------

==============================
Quad Translation
------------------------------

main: 

	1   :	t00 = 5
	2   :	a = t00
	3   :	t02 = 10
	4   :	b = t02
	5   :	t04 = a + b
	6   :	sum = t04
	7   :	op
	8   :	param t06
	9   :	t07 = call printStr, 1
	10  :	param a
	11  :	t08 = call printInt, 1
	12  :	op
	13  :	param t09
	14  :	t10 = call printStr, 1
	15  :	param b
	16  :	t11 = call printInt, 1
	17  :	op
	18  :	param t12
	19  :	t13 = call printStr, 1
	20  :	param sum
	21  :	t14 = call printInt, 1
	22  :	t15 = 0
	23  :	ret t15
------------------------------
