========================================================================================================================
LEXICAL ANALYSIS                                  
========================================================================================================================
TOKEN: INT
TOKEN: IDENTIFIER
TOKEN: PUNCTUATOR: (
TOKEN: PUNCTUATOR: )
TOKEN: PUNCTUATOR: {
TOKEN: INT
TOKEN: IDENTIFIER
TOKEN: EQUAL
TOKEN: INTEGER_CONSTANT
TOKEN: PUNCTUATOR: ;
TOKEN: INT
TOKEN: IDENTIFIER
TOKEN: EQUAL
TOKEN: INTEGER_CONSTANT
TOKEN: PUNCTUATOR: ;
TOKEN: IF
TOKEN: PUNCTUATOR: (
TOKEN: IDENTIFIER
TOKEN: LOGICAL_AND
TOKEN: IDENTIFIER
TOKEN: PUNCTUATOR: )
TOKEN: PUNCTUATOR: {
TOKEN: PUNCTUATOR: }
TOKEN: PUNCTUATOR: }
========================================================================================================================
PARSING SUCCESSFUL                                
========================================================================================================================
Symbol Table: Global                                                             Parent: null
------------------------------------------------------------------------------------------------------------------------
Name           Type                     Category       Initial Value                 Size        Offset      Nested Table
------------------------------------------------------------------------------------------------------------------------
main           integer                  function                                     4           0           main
------------------------------------------------------------------------------------------------------------------------

========================================================================================================================
Symbol Table: main                                                               Parent: Global
------------------------------------------------------------------------------------------------------------------------
Name           Type                     Category       Initial Value                 Size        Offset      Nested Table
------------------------------------------------------------------------------------------------------------------------
return         integer                  local                                        4           0           null
a              integer                  local          5                             4           4           null
t00            integer                  temp           5                             4           8           null
b              integer                  local          10                            4           12          null
t01            integer                  temp           10                            4           16          null
------------------------------------------------------------------------------------------------------------------------

==============================
Quad Translation
------------------------------

main: 

	1   :	t00 = 5
	2   :	a = t00
	3   :	t01 = 10
	4   :	b = t01
	5   :	goto 8
	6   :	if b == 0 goto 
	7   :	goto 11
	8   :	if a == 0 goto 
	9   :	goto 6
	10  :	goto 12
	11  :	goto 
------------------------------
