========================================================================================================================
LEXICAL ANALYSIS                                  
========================================================================================================================
TOKEN: INT
TOKEN: IDENTIFIER
TOKEN: PUNCTUATOR: (
TOKEN: INT
TOKEN: IDENTIFIER
TOKEN: PUNCTUATOR: )
TOKEN: PUNCTUATOR: ;
TOKEN: INT
TOKEN: IDENTIFIER
TOKEN: PUNCTUATOR: (
TOKEN: CHAR
TOKEN: PUNCTUATOR: *
TOKEN: IDENTIFIER
TOKEN: PUNCTUATOR: )
TOKEN: PUNCTUATOR: ;
TOKEN: INT
TOKEN: IDENTIFIER
TOKEN: PUNCTUATOR: (
TOKEN: INT
TOKEN: PUNCTUATOR: *
TOKEN: IDENTIFIER
TOKEN: PUNCTUATOR: )
TOKEN: PUNCTUATOR: ;
TOKEN: INT
TOKEN: IDENTIFIER
TOKEN: PUNCTUATOR: (
TOKEN: INT
TOKEN: IDENTIFIER
TOKEN: PUNCTUATOR: ,
TOKEN: INT
TOKEN: IDENTIFIER
TOKEN: PUNCTUATOR: )
TOKEN: PUNCTUATOR: {
TOKEN: WHILE
TOKEN: PUNCTUATOR: (
TOKEN: IDENTIFIER
TOKEN: NOT_EQUAL_TO
TOKEN: INTEGER_CONSTANT
TOKEN: PUNCTUATOR: )
TOKEN: PUNCTUATOR: {
TOKEN: IF
TOKEN: PUNCTUATOR: (
TOKEN: IDENTIFIER
TOKEN: GREATER_THAN_EQUAL_TO
TOKEN: IDENTIFIER
TOKEN: PUNCTUATOR: )
TOKEN: IDENTIFIER
TOKEN: EQUAL
TOKEN: IDENTIFIER
TOKEN: PUNCTUATOR: -
TOKEN: IDENTIFIER
TOKEN: PUNCTUATOR: ;
TOKEN: ELSE
TOKEN: IDENTIFIER
TOKEN: EQUAL
TOKEN: IDENTIFIER
TOKEN: PUNCTUATOR: -
TOKEN: IDENTIFIER
TOKEN: PUNCTUATOR: ;
TOKEN: PUNCTUATOR: }
TOKEN: RETURN
TOKEN: IDENTIFIER
TOKEN: PUNCTUATOR: ;
TOKEN: PUNCTUATOR: }
TOKEN: INT
TOKEN: IDENTIFIER
TOKEN: PUNCTUATOR: (
TOKEN: PUNCTUATOR: )
TOKEN: PUNCTUATOR: {
TOKEN: INT
TOKEN: IDENTIFIER
TOKEN: PUNCTUATOR: ;
TOKEN: INT
TOKEN: IDENTIFIER
TOKEN: PUNCTUATOR: ;
TOKEN: IDENTIFIER
TOKEN: PUNCTUATOR: (
TOKEN: STRING_LITERAL
TOKEN: PUNCTUATOR: )
TOKEN: PUNCTUATOR: ;
TOKEN: IDENTIFIER
TOKEN: PUNCTUATOR: (
TOKEN: PUNCTUATOR: &
TOKEN: IDENTIFIER
TOKEN: PUNCTUATOR: )
TOKEN: PUNCTUATOR: ;
TOKEN: IDENTIFIER
TOKEN: PUNCTUATOR: (
TOKEN: PUNCTUATOR: &
TOKEN: IDENTIFIER
TOKEN: PUNCTUATOR: )
TOKEN: PUNCTUATOR: ;
TOKEN: INT
TOKEN: IDENTIFIER
TOKEN: EQUAL
TOKEN: IDENTIFIER
TOKEN: PUNCTUATOR: (
TOKEN: IDENTIFIER
TOKEN: PUNCTUATOR: ,
TOKEN: IDENTIFIER
TOKEN: PUNCTUATOR: )
TOKEN: PUNCTUATOR: ;
TOKEN: IDENTIFIER
TOKEN: PUNCTUATOR: (
TOKEN: STRING_LITERAL
TOKEN: PUNCTUATOR: )
TOKEN: PUNCTUATOR: ;
TOKEN: IDENTIFIER
TOKEN: PUNCTUATOR: (
TOKEN: IDENTIFIER
TOKEN: PUNCTUATOR: )
TOKEN: PUNCTUATOR: ;
TOKEN: RETURN
TOKEN: INTEGER_CONSTANT
TOKEN: PUNCTUATOR: ;
TOKEN: PUNCTUATOR: }
========================================================================================================================
PARSING SUCCESSFUL                                
========================================================================================================================
Symbol Table: Global                                                             Parent: null
------------------------------------------------------------------------------------------------------------------------
Name           Type                     Category       Initial Value                 Size        Offset      Nested Table
------------------------------------------------------------------------------------------------------------------------
printInt       integer                  function                                     4           0           printInt
printStr       integer                  function                                     4           4           printStr
readInt        integer                  function                                     4           8           readInt
GCD            integer                  function                                     4           12          GCD
main           integer                  function                                     4           16          main
------------------------------------------------------------------------------------------------------------------------

========================================================================================================================
Symbol Table: printInt                                                           Parent: Global
------------------------------------------------------------------------------------------------------------------------
Name           Type                     Category       Initial Value                 Size        Offset      Nested Table
------------------------------------------------------------------------------------------------------------------------
num            integer                  param                                        4           0           null
return         integer                  local                                        4           4           null
------------------------------------------------------------------------------------------------------------------------

========================================================================================================================
Symbol Table: printStr                                                           Parent: Global
------------------------------------------------------------------------------------------------------------------------
Name           Type                     Category       Initial Value                 Size        Offset      Nested Table
------------------------------------------------------------------------------------------------------------------------
str            ptr(char)                param                                        4           0           null
return         integer                  local                                        4           4           null
------------------------------------------------------------------------------------------------------------------------

========================================================================================================================
Symbol Table: readInt                                                            Parent: Global
------------------------------------------------------------------------------------------------------------------------
Name           Type                     Category       Initial Value                 Size        Offset      Nested Table
------------------------------------------------------------------------------------------------------------------------
num            ptr(integer)             param                                        4           0           null
return         integer                  local                                        4           4           null
------------------------------------------------------------------------------------------------------------------------

========================================================================================================================
Symbol Table: GCD                                                                Parent: Global
------------------------------------------------------------------------------------------------------------------------
Name           Type                     Category       Initial Value                 Size        Offset      Nested Table
------------------------------------------------------------------------------------------------------------------------
a              integer                  param                                        4           0           null
b              integer                  param                                        4           4           null
return         integer                  local                                        4           8           null
t00            integer                  temp           0                             4           12          null
t01            integer                  temp                                         4           16          null
t02            integer                  temp                                         4           20          null
t03            integer                  temp                                         4           24          null
t04            integer                  temp                                         4           28          null
------------------------------------------------------------------------------------------------------------------------

========================================================================================================================
Symbol Table: main                                                               Parent: Global
------------------------------------------------------------------------------------------------------------------------
Name           Type                     Category       Initial Value                 Size        Offset      Nested Table
------------------------------------------------------------------------------------------------------------------------
return         integer                  local                                        4           0           null
a              integer                  local                                        4           4           null
b              integer                  local                                        4           8           null
printStr       integer                  local                                        4           12          null
t00            ptr(char)                temp           "Enter two number\n"          4           16          null
t01            integer                  temp                                         4           20          null
readInt        integer                  local                                        4           24          null
t02            ptr(integer)             temp                                         4           28          null
t03            integer                  temp                                         4           32          null
t04            ptr(integer)             temp                                         4           36          null
t05            integer                  temp                                         4           40          null
gcd            integer                  local                                        4           44          null
GCD            integer                  local                                        4           48          null
t06            integer                  temp                                         4           52          null
t07            ptr(char)                temp           "GCD: "                       4           56          null
t08            integer                  temp                                         4           60          null
printInt       integer                  local                                        4           64          null
t09            integer                  temp                                         4           68          null
t10            integer                  temp           0                             4           72          null
------------------------------------------------------------------------------------------------------------------------

==============================
Quad Translation
------------------------------

GCD: 

	1   :	t00 = 0
	2   :	if a != t00 goto 4
	3   :	goto 13
	4   :	if a >= b goto 7
	5   :	goto 10
	6   :	goto 12
	7   :	t01 = a - b
	8   :	a = t01
	9   :	goto 1
	10  :	t03 = b - a
	11  :	b = t03
	12  :	goto 1
	13  :	ret b

main: 

	16  :	op
	17  :	param t00
	18  :	t01 = call printStr, 1
	19  :	t02 = &a
	20  :	param t02
	21  :	t03 = call readInt, 1
	22  :	t04 = &b
	23  :	param t04
	24  :	t05 = call readInt, 1
	25  :	param a
	26  :	param b
	27  :	t06 = call GCD, 2
	28  :	gcd = t06
	29  :	op
	30  :	param t07
	31  :	t08 = call printStr, 1
	32  :	param gcd
	33  :	t09 = call printInt, 1
	34  :	t10 = 0
	35  :	ret t10
------------------------------
